\BOOKMARK [1][-]{section*.1}{\376\377\173\054\116\214\162\110\137\025\212\000\377\010\166\356\122\115\166\204\133\211\143\222\377\011}{}% 1
\BOOKMARK [1][-]{section*.2}{\376\377\173\054\116\000\162\110\137\025\212\000}{}% 2
\BOOKMARK [1][-]{section*.3}{\376\377\166\356\137\125}{}% 3
\BOOKMARK [1][-]{section.0}{\376\377\173\046\123\367\116\016\176\246\133\232}{}% 4
\BOOKMARK [2][-]{subsection.0.1}{\376\377\123\125\117\115\122\066}{section.0}% 5
\BOOKMARK [2][-]{subsection.0.2}{\376\377\162\151\164\006\221\317\173\046\123\367}{section.0}% 6
\BOOKMARK [2][-]{subsection.0.3}{\376\377\143\007\150\007\213\260\123\367}{section.0}% 7
\BOOKMARK [2][-]{subsection.0.4}{\376\377\145\366\172\172\136\246\211\304\116\016\121\340\117\125}{section.0}% 8
\BOOKMARK [2][-]{subsection.0.5}{\376\377\173\227\133\120\116\016\167\351\226\065}{section.0}% 9
\BOOKMARK [2][-]{subsection.0.6}{\376\377\151\202\163\207\176\337\213\241\173\046\123\367}{section.0}% 10
\BOOKMARK [1][-]{section.1}{\376\377\116\000\176\364\133\232\140\001\214\020\143\057\133\120\124\214\116\214\153\041\221\317\133\120\123\026\123\237\127\213}{}% 11
\BOOKMARK [2][-]{subsection.1.1}{\376\377\226\066\150\257\173\227\173\046\116\016\200\375\176\247}{section.1}% 12
\BOOKMARK [2][-]{subsection.1.2}{\376\377\174\222\133\120\145\160\124\214\121\166\173\227\173\046}{section.1}% 13
\BOOKMARK [2][-]{subsection.1.3}{\376\377\214\020\143\057\133\120\174\373\176\337\166\204\116\214\153\041\221\317\133\120\123\026}{section.1}% 14
\BOOKMARK [1][-]{section.2}{\376\377\163\273\202\162\133\120\166\204\116\214\153\041\221\317\133\120\123\026}{}% 15
\BOOKMARK [2][-]{subsection.2.1}{\376\377\163\273\202\162\133\120\174\373\176\337}{section.2}% 16
\BOOKMARK [2][-]{subsection.2.2}{\376\377\173\227\173\046\166\204\123\140\147\011\145\160\167\351\226\065\121\103}{section.2}% 17
\BOOKMARK [2][-]{subsection.2.3}{\376\377\123\357\123\330\123\140\147\011\145\160\173\227\173\046}{section.2}% 18
\BOOKMARK [2][-]{subsection.2.4}{\376\377\154\342\121\375\145\160\173\227\173\046\124\214\133\306\136\246\167\351\226\065}{section.2}% 19
\BOOKMARK [1][-]{section.3}{\376\377\215\071\174\163\133\120\166\204\116\214\153\041\221\317\133\120\123\026}{}% 20
\BOOKMARK [2][-]{subsection.3.1}{\376\377\215\071\174\163\133\120\174\373\176\337}{section.3}% 21
\BOOKMARK [2][-]{subsection.3.2}{\376\377\173\227\173\046\166\204\123\140\147\011\145\160\167\351\226\065\121\103}{section.3}% 22
\BOOKMARK [2][-]{subsection.3.3}{\376\377\116\214\153\041\221\317\133\120\123\026\173\227\173\046}{section.3}% 23
\BOOKMARK [2][-]{subsection.3.4}{\376\377\123\314\174\222\133\120\173\227\173\046\166\204\213\241\173\227}{section.3}% 24
\BOOKMARK [1][-]{section.4}{\376\377\162\355\116\111\166\370\133\371\213\272\124\214\165\065\170\301\127\072\122\006\147\220}{}% 25
\BOOKMARK [2][-]{subsection.4.1}{\376\377\166\370\133\371\213\272\174\222\133\120\122\250\122\233\133\146}{section.4}% 26
\BOOKMARK [2][-]{subsection.4.2}{\376\377\176\317\121\170\133\217\211\302\127\072\213\272\124\214\165\065\170\301\127\072}{section.4}% 27
\BOOKMARK [2][-]{subsection.4.3}{\376\377\165\065\170\301\154\342\127\072\126\336\230\176}{section.4}% 28
\BOOKMARK [2][-]{subsection.4.4}{\376\377\000F\000o\000u\000r\000i\000e\000r\214\061\122\006\211\343}{section.4}% 29
\BOOKMARK [2][-]{subsection.4.5}{\376\377\117\116\220\037\165\065\203\167\127\050\165\065\170\301\127\072\116\055\166\204\221\317\133\120\123\026}{section.4}% 30
\BOOKMARK [1][-]{section.5}{\376\377\201\352\165\061\165\065\170\301\154\342\127\072\166\204\116\214\153\041\221\317\133\120\123\026}{}% 31
\BOOKMARK [2][-]{subsection.5.1}{\376\377\167\037\172\172\165\065\170\301\127\072\166\204\147\054\137\201\143\057\122\250}{section.5}% 32
\BOOKMARK [2][-]{subsection.5.2}{\376\377\201\352\165\061\167\037\172\172\165\065\170\301\127\072\166\204\116\214\153\041\221\317\133\120\123\026}{section.5}% 33
\BOOKMARK [2][-]{subsection.5.3}{\376\377\127\372\116\216\162\355\116\111\166\370\133\371\213\272\166\204\117\356\153\143}{section.5}% 34
\BOOKMARK [2][-]{subsection.5.4}{\376\377\116\011\176\364\145\313\221\317\116\343\145\160\124\214\217\233\137\142\137\017\173\200\116\313}{section.5}% 35
\BOOKMARK [2][-]{subsection.5.5}{\376\377\121\111\133\120\377\032\221\317\133\120\123\026\165\065\170\301\127\072}{section.5}% 36
\BOOKMARK [2][-]{subsection.5.6}{\376\377\121\111\133\120\166\204\162\151\164\006\140\047\215\050}{section.5}% 37
\BOOKMARK [2][-]{subsection.5.7}{\376\377\221\317\133\120\127\072\213\272\173\200\116\313}{section.5}% 38
\BOOKMARK [1][-]{section.6}{\376\377\166\370\133\371\213\272\140\047\201\352\165\061\163\273\202\162\133\120}{}% 39
\BOOKMARK [2][-]{subsection.6.1}{\376\377\000s\000=\0000\166\204\163\273\202\162\133\120\166\204\000F\000o\000c\000k\000-\000K\000l\000e\000i\000n\000-\000G\000o\000r\000d\000o\000n\145\271\172\013}{section.6}% 40
\BOOKMARK [2][-]{subsection.6.2}{\376\377\000K\000l\000e\000i\000n\000-\000G\000o\000r\000d\000o\000n\127\072\213\272}{section.6}% 41
\BOOKMARK [2][-]{subsection.6.3}{\376\377\000K\000l\000e\000i\000n\000-\000G\000o\000r\000d\000o\000n\127\072\166\204\116\214\153\041\221\317\133\120\123\026}{section.6}% 42
\BOOKMARK [2][-]{subsection.6.4}{\376\377\000K\000l\000e\000i\000n\000-\000G\000o\000r\000d\000o\000n\127\072\166\204\000C\377\014\000P\377\014\000T\123\330\143\142}{section.6}% 43
\BOOKMARK [2][-]{subsection.6.5}{\376\377\000s\000=\0001\166\204\163\273\202\162\133\120\166\204\000P\000r\000o\000c\000a\145\271\172\013}{section.6}% 44
\BOOKMARK [2][-]{subsection.6.6}{\376\377\000P\000r\000o\000c\000a\127\072\213\272}{section.6}% 45
\BOOKMARK [2][-]{subsection.6.7}{\376\377\000P\000r\000o\000c\000a\127\072\166\204\116\214\153\041\221\317\133\120\123\026}{section.6}% 46
\BOOKMARK [2][-]{subsection.6.8}{\376\377\147\000\232\330\201\352\145\313\163\273\202\162\133\120\166\204\116\214\153\041\221\317\133\120\123\026}{section.6}% 47
\BOOKMARK [1][-]{section.7}{\376\377\166\370\133\371\213\272\140\047\201\352\165\061\215\071\174\163\133\120}{}% 48
\BOOKMARK [2][-]{subsection.7.1}{\376\377\126\333\176\364\145\313\221\317\116\343\145\160\127\372\170\100}{section.7}% 49
\BOOKMARK [2][-]{subsection.7.2}{\376\377\162\171\153\212\126\333\176\364\145\313\221\317\166\204\137\040\221\317\133\371\136\224}{section.7}% 50
\BOOKMARK [2][-]{subsection.7.3}{\376\377\000s\000=\0001\000/\0002\166\204\215\071\174\163\133\120\166\204\000D\000i\000r\000a\000c\145\271\172\013}{section.7}% 51
\BOOKMARK [2][-]{subsection.7.4}{\376\377\000D\000i\000r\000a\000c\127\072\213\272}{section.7}% 52
\BOOKMARK [2][-]{subsection.7.5}{\376\377\000D\000i\000r\000a\000c\127\072\166\204\116\214\153\041\221\317\133\120\123\026}{section.7}% 53
\BOOKMARK [2][-]{subsection.7.6}{\376\377\000D\000i\000r\000a\000c\127\072\166\204\147\201\123\026}{section.7}% 54
\BOOKMARK [2][-]{subsection.7.7}{\376\377\000D\000i\000r\000a\000c\127\072\166\204\000C\377\014\000P\377\014\000T\123\330\143\142}{section.7}% 55
\BOOKMARK [2][-]{subsection.7.8}{\376\377\000s\000=\0003\000/\0002\166\204\215\071\174\163\133\120\166\204\116\214\153\041\221\317\133\120\123\026}{section.7}% 56
\BOOKMARK [1][-]{section.8}{\376\377\142\151\134\125\377\032\000s\000=\0002\166\204\163\273\202\162\133\120\166\204\000F\000i\000e\000r\000z\000-\000P\000a\000u\000l\000i\164\006\213\272}{}% 57
\BOOKMARK [1][-]{section.9}{\376\377\227\136\166\370\133\371\213\272\136\163\210\141\166\370\123\330\173\200\116\313}{}% 58
\BOOKMARK [2][-]{subsection.9.1}{\376\377\176\317\121\170\160\355\122\233\133\146\166\370\123\330\164\006\213\272\127\372\170\100}{section.9}% 59
\BOOKMARK [2][-]{subsection.9.2}{\376\377\176\337\213\241\162\151\164\006\151\202\213\272}{section.9}% 60
\BOOKMARK [3][-]{subsubsection.9.2.1}{\376\377\137\256\153\143\122\031\174\373\176\374}{subsection.9.2}% 61
\BOOKMARK [3][-]{subsubsection.9.2.2}{\376\377\153\143\122\031\116\016\135\350\153\143\122\031\174\373\176\374}{subsection.9.2}% 62
\BOOKMARK [3][-]{subsubsection.9.2.3}{\376\377\153\143\122\031\174\373\176\374\136\224\165\050\377\032\000v\000a\000n\000\040\000d\000e\000r\000\040\000W\000a\000a\000l\000s\154\024\117\123\145\271\172\013}{subsection.9.2}% 63
\BOOKMARK [3][-]{subsubsection.9.2.4}{\376\377\227\136\166\370\133\371\213\272\221\317\133\120\176\337\213\241\162\151\164\006}{subsection.9.2}% 64
\BOOKMARK [3][-]{subsubsection.9.2.5}{\376\377\000E\000i\000n\000s\000t\000e\000i\000n\121\163\174\373}{subsection.9.2}% 65
\BOOKMARK [2][-]{subsection.9.3}{\376\377\224\301\170\301\040\024\230\172\170\301\166\370\123\330\377\032\116\214\176\364\000I\000s\000i\000n\000g\152\041\127\213\124\214\136\163\127\107\127\072\213\272}{section.9}% 66
\BOOKMARK [3][-]{subsubsection.9.3.1}{\376\377\162\151\117\123\166\204\170\301\140\047\116\016\146\166\150\074}{subsection.9.3}% 67
\BOOKMARK [3][-]{subsubsection.9.3.2}{\376\377\146\166\150\074\166\204\000H\000e\000i\000s\000e\000n\000b\000e\000r\000g\200\375\221\317}{subsection.9.3}% 68
\BOOKMARK [3][-]{subsubsection.9.3.3}{\376\377\000I\000s\000i\000n\000g\152\041\127\213\124\214\201\352\155\075\140\047\145\271\172\013}{subsection.9.3}% 69
\BOOKMARK [3][-]{subsubsection.9.3.4}{\376\377\201\352\140\160\140\047\145\271\172\013\166\204\211\343}{subsection.9.3}% 70
\BOOKMARK [3][-]{subsubsection.9.3.5}{\376\377\166\370\123\330\166\204\136\225\134\102\220\073\217\221}{subsection.9.3}% 71
\BOOKMARK [2][-]{subsection.9.4}{\376\377\147\027\220\123\116\214\176\247\166\370\123\330\164\006\213\272}{section.9}% 72
\BOOKMARK [3][-]{subsubsection.9.4.1}{\376\377\136\217\123\302\221\317\166\204\137\025\121\145}{subsection.9.4}% 73
\BOOKMARK [3][-]{subsubsection.9.4.2}{\376\377\116\214\176\247\166\370\123\330\166\204\145\164\117\123\164\006\213\272}{subsection.9.4}% 74
\BOOKMARK [3][-]{subsubsection.9.4.3}{\376\377\116\214\176\247\166\370\123\330\166\204\134\100\220\350\164\006\213\272}{subsection.9.4}% 75
\BOOKMARK [3][-]{subsubsection.9.4.4}{\376\377\116\064\165\114\143\007\145\160\116\016\150\007\136\246\116\015\123\330\140\047}{subsection.9.4}% 76
\BOOKMARK [3][-]{subsubsection.9.4.5}{\376\377\116\214\176\247\166\370\123\330\166\204\172\172\225\364\155\250\204\075\122\006\147\220}{subsection.9.4}% 77
\BOOKMARK [2][-]{subsection.9.5}{\376\377\124\004\230\171\124\014\140\047\116\313\215\050\116\055\166\204\130\360\133\120}{section.9}% 78
\BOOKMARK [3][-]{subsubsection.9.5.1}{\376\377\146\166\150\074\166\204\173\200\214\020\143\057\122\250}{subsection.9.5}% 79
\BOOKMARK [3][-]{subsubsection.9.5.2}{\376\377\146\166\150\074\214\020\143\057\133\120\166\204\116\214\153\041\221\317\133\120\123\026}{subsection.9.5}% 80
\BOOKMARK [3][-]{subsubsection.9.5.3}{\376\377\166\370\116\222\117\134\165\050\166\204\116\214\153\041\221\317\133\120\123\026\213\241\173\227}{subsection.9.5}% 81
\BOOKMARK [3][-]{subsubsection.9.5.4}{\376\377\130\360\133\120\166\204\176\337\213\241\211\304\137\213}{subsection.9.5}% 82
\BOOKMARK [2][-]{subsection.9.6}{\376\377\163\273\202\162\215\205\155\101\117\123\164\006\213\272\173\200\116\313}{section.9}% 83
\BOOKMARK [3][-]{subsubsection.9.6.1}{\376\377\215\205\155\101\140\047\166\204\125\057\214\141\164\006\213\272}{subsection.9.6}% 84
\BOOKMARK [3][-]{subsubsection.9.6.2}{\376\377\215\205\155\101\117\123\166\204\116\214\153\041\221\317\133\120\123\026}{subsection.9.6}% 85
\BOOKMARK [3][-]{subsubsection.9.6.3}{\376\377\221\317\133\120\155\241\116\035}{subsection.9.6}% 86
\BOOKMARK [3][-]{subsubsection.9.6.4}{\376\377\215\205\155\101\117\123\127\050\000l\000a\000m\000b\000d\000a\160\271\226\104\217\321\166\204\166\370\123\330}{subsection.9.6}% 87
\BOOKMARK [2][-]{subsection.9.7}{\376\377\215\205\133\374\117\123\151\202\213\272}{section.9}% 88
\BOOKMARK [3][-]{subsubsection.9.7.1}{\376\377\165\065\133\120\166\204\000C\000o\000o\000p\000e\000r\133\371}{subsection.9.7}% 89
\BOOKMARK [3][-]{subsubsection.9.7.2}{\376\377\215\071\174\163\215\205\155\101\117\123\166\204\166\370\123\330}{subsection.9.7}% 90
\BOOKMARK [3][-]{subsubsection.9.7.3}{\376\377\000L\000a\000n\000d\000a\000u\000-\000G\000i\000n\000z\000b\000u\000r\000g\215\205\133\374\125\057\214\141\164\006\213\272}{subsection.9.7}% 91
\BOOKMARK [3][-]{subsubsection.9.7.4}{\376\377\215\205\133\374\117\123\116\055\166\204\170\301\127\072}{subsection.9.7}% 92
\BOOKMARK [3][-]{subsubsection.9.7.5}{\376\377\000L\000o\000n\000d\000o\000n\215\205\133\374\117\123\166\204\122\006\174\173}{subsection.9.7}% 93
\BOOKMARK [3][-]{subsubsection.9.7.6}{\376\377\116\013\116\064\165\114\127\072\226\104\217\321\166\204\155\367\124\010\166\370}{subsection.9.7}% 94
\BOOKMARK [3][-]{subsubsection.9.7.7}{\376\377\000P\000i\000p\000p\000a\000r\000d\147\201\226\120\116\013\166\204\215\205\133\374\117\123}{subsection.9.7}% 95
\BOOKMARK [1][-]{section.10}{\376\377\201\352\165\061\127\072\166\204\221\317\133\120\176\337\213\241\164\006\213\272}{}% 96
\BOOKMARK [2][-]{subsection.10.1}{\376\377\123\125\174\222\133\120\166\204\121\306\176\317\121\170\217\321\117\074}{section.10}% 97
\BOOKMARK [2][-]{subsection.10.2}{\376\377\117\040\144\255\133\120\124\214\215\357\137\204\171\357\122\006}{section.10}% 98
\BOOKMARK [3][-]{subsubsection.10.2.1}{\376\377\210\115\134\004\124\214\174\222\133\120\117\040\144\255\133\120}{subsection.10.2}% 99
\BOOKMARK [3][-]{subsubsection.10.2.2}{\376\377\117\040\144\255\133\120\166\204\215\357\137\204\171\357\122\006\210\150\171\072}{subsection.10.2}% 100
\BOOKMARK [3][-]{subsubsection.10.2.3}{\376\377\215\357\137\204\171\357\122\006\166\204\176\337\213\241\164\006\213\272}{subsection.10.2}% 101
\BOOKMARK [3][-]{subsubsection.10.2.4}{\376\377\215\357\137\204\171\357\122\006\166\204\000M\000a\000r\000k\000o\000v\176\337\213\241\213\340\221\312}{subsection.10.2}% 102
\BOOKMARK [3][-]{subsubsection.10.2.5}{\376\377\173\227\173\046\166\204\215\357\137\204\171\357\122\006}{subsection.10.2}% 103
\BOOKMARK [2][-]{subsection.10.3}{\376\377\226\366\156\051\131\032\160\271\121\163\200\124\121\375\145\160}{section.10}% 104
\BOOKMARK [3][-]{subsubsection.10.3.1}{\376\377\116\214\153\041\221\317\133\120\123\026\124\214\131\032\160\271\121\163\200\124\121\375\145\160}{subsection.10.3}% 105
\BOOKMARK [3][-]{subsubsection.10.3.2}{\376\377\226\366\156\051\116\044\160\271\121\375\145\160\124\214\121\335\200\132\140\001}{subsection.10.3}% 106
\BOOKMARK [3][-]{subsubsection.10.3.3}{\376\377\167\351\153\315\121\375\145\160\124\214\162\171\137\201\121\375\145\160}{subsection.10.3}% 107
\BOOKMARK [3][-]{subsubsection.10.3.4}{\376\377\131\032\160\271\121\163\200\124\121\375\145\160\166\204\215\357\137\204\171\357\122\006\137\142\137\017}{subsection.10.3}% 108
\BOOKMARK [2][-]{subsection.10.4}{\376\377\221\317\133\120\155\250\204\075\166\204\160\355\122\233\133\146\122\006\147\220}{section.10}% 109
\BOOKMARK [2][-]{subsection.10.5}{\376\377\166\370\133\371\213\272\140\047\201\352\165\061\226\366\156\051\127\072\166\204\121\163\200\124\121\375\145\160}{section.10}% 110
\BOOKMARK [3][-]{subsubsection.10.5.1}{\376\377\000K\000G\127\072\166\204\116\044\160\271\121\163\200\124\121\375\145\160\124\214\126\340\147\234\140\047}{subsection.10.5}% 111
\BOOKMARK [3][-]{subsubsection.10.5.2}{\376\377\121\163\200\124\121\375\145\160\166\204\157\024\123\026\145\271\172\013}{subsection.10.5}% 112
\BOOKMARK [3][-]{subsubsection.10.5.3}{\376\377\000W\000a\000r\000d\000-\000T\000a\000k\000a\000h\000a\000s\000h\000i\140\122\173\111\137\017}{subsection.10.5}% 113
\BOOKMARK [3][-]{subsubsection.10.5.4}{\376\377\121\111\133\120\166\204\131\032\160\271\121\163\200\124\121\375\145\160}{subsection.10.5}% 114
\BOOKMARK [3][-]{subsubsection.10.5.5}{\376\377\000D\000i\000r\000a\000c\127\072\166\204\121\163\200\124\121\375\145\160}{subsection.10.5}% 115
\BOOKMARK [2][-]{subsection.10.6}{\376\377\147\011\226\120\156\051\136\246\166\204\136\163\210\141\201\352\165\061\127\072}{section.10}% 116
\BOOKMARK [3][-]{subsubsection.10.6.1}{\376\377\201\352\165\061\136\163\210\141\127\072\166\204\000M\000a\000t\000s\000u\000b\000a\000r\000a\176\330\146\157}{subsection.10.6}% 117
\BOOKMARK [3][-]{subsubsection.10.6.2}{\376\377\156\051\136\246\116\044\160\271\121\375\145\160\124\214\000K\000M\000S\147\141\116\366}{subsection.10.6}% 118
\BOOKMARK [3][-]{subsubsection.10.6.3}{\376\377\000B\000l\000o\000c\000h\000-\000D\000e\000\040\000D\000o\000m\000i\000n\000i\000c\000i\000s\133\232\164\006}{subsection.10.6}% 119
\BOOKMARK [3][-]{subsubsection.10.6.4}{\376\377\160\355\127\072\166\204\215\357\137\204\171\357\122\006\124\214\206\132\145\366\127\006}{subsection.10.6}% 120
\BOOKMARK [2][-]{subsection.10.7}{\376\377\227\136\136\163\210\141\201\352\165\061\160\355\127\072}{section.10}% 121
\BOOKMARK [3][-]{subsubsection.10.7.1}{\376\377\157\024\123\026\166\204\225\355\124\010\145\366\225\364\215\357\137\204}{subsection.10.7}% 122
\BOOKMARK [3][-]{subsubsection.10.7.2}{\376\377\000S\000c\000h\000w\000i\000n\000g\000e\000r\000-\000K\000e\000l\000d\000y\000s\000h\164\006\213\272\124\214\000K\000e\000l\000d\000y\000s\000h\137\040\221\317}{subsection.10.7}% 123
\BOOKMARK [3][-]{subsubsection.10.7.3}{\376\377\000K\000e\000l\000d\000y\000s\000h\137\040\221\317\166\204\140\047\215\050}{subsection.10.7}% 124
\BOOKMARK [3][-]{subsubsection.10.7.4}{\376\377\000S\000K\164\006\213\272\116\055\000K\000G\127\072\166\204\131\032\160\271\121\163\200\124\121\375\145\160}{subsection.10.7}% 125
\BOOKMARK [2][-]{subsection.10.8}{\376\377\221\317\133\120\174\373\176\337\166\204\000W\000e\000y\000l\000-\000W\000i\000g\000n\000e\000r\123\330\143\142}{section.10}% 126
\BOOKMARK [3][-]{subsubsection.10.8.1}{\376\377\166\370\172\172\225\364\166\204\221\317\133\120\123\026\124\214\000W\000e\000y\000l\123\330\143\142}{subsection.10.8}% 127
\BOOKMARK [3][-]{subsubsection.10.8.2}{\376\377\000W\000i\000g\000n\000e\000r\123\330\143\142\124\214\000W\000i\000g\000n\000e\000r\121\375\145\160}{subsection.10.8}% 128
\BOOKMARK [3][-]{subsubsection.10.8.3}{\376\377\221\317\133\120\123\026\166\370\172\172\225\364\166\204\157\024\123\026\145\271\172\013\124\214\000M\000o\000y\000a\000l\142\354\123\367}{subsection.10.8}% 129
\BOOKMARK [3][-]{subsubsection.10.8.4}{\376\377\166\370\172\172\225\364\116\055\166\204\116\044\160\271\121\163\200\124\121\375\145\160}{subsection.10.8}% 130
\BOOKMARK [1][-]{section.11}{\376\377\221\317\133\120\137\256\142\160\213\272\124\214\166\370\116\222\117\134\165\050\127\072}{}% 131
\BOOKMARK [2][-]{subsection.11.1}{\376\377\176\317\121\170\133\232\140\001\137\256\142\160}{section.11}% 132
\BOOKMARK [3][-]{subsubsection.11.1.1}{\376\377\167\351\226\065\166\204\201\352\147\054\137\201\137\256\142\160}{subsection.11.1}% 133
\BOOKMARK [3][-]{subsubsection.11.1.2}{\376\377\167\351\226\065\166\204\215\350\147\054\137\201\137\256\142\160}{subsection.11.1}% 134
\BOOKMARK [3][-]{subsubsection.11.1.3}{\376\377\221\317\133\120\133\232\140\001\137\256\142\160\166\204\167\351\226\065\210\150\217\360}{subsection.11.1}% 135
\BOOKMARK [2][-]{subsection.11.2}{\376\377\176\317\121\170\124\053\145\366\137\256\142\160\124\214\157\024\123\026\215\303\217\301}{section.11}% 136
\BOOKMARK [3][-]{subsubsection.11.2.1}{\376\377\167\351\226\065\124\053\145\366\137\256\142\160\213\272}{subsection.11.2}% 137
\BOOKMARK [3][-]{subsubsection.11.2.2}{\376\377\221\317\133\120\140\001\166\204\137\256\142\160\124\214\215\303\217\301}{subsection.11.2}% 138
\BOOKMARK [3][-]{subsubsection.11.2.3}{\376\377\000E\000i\000n\000s\000t\000e\000i\000n\121\163\174\373\221\315\217\360}{subsection.11.2}% 139
\BOOKMARK [3][-]{subsubsection.11.2.4}{\376\377\217\336\176\355\214\061\116\055\166\204\215\303\217\301}{subsection.11.2}% 140
\BOOKMARK [2][-]{subsection.11.3}{\376\377\137\256\142\160\166\204\166\364\143\245\176\247\145\160\134\125\137\000}{section.11}% 141
\BOOKMARK [3][-]{subsubsection.11.3.1}{\376\377\123\344\121\170\137\256\142\160\213\272\124\214\000B\000o\000r\000n\176\247\145\160}{subsection.11.3}% 142
\BOOKMARK [3][-]{subsubsection.11.3.2}{\376\377\166\370\116\222\117\134\165\050\176\330\146\157}{subsection.11.3}% 143
\BOOKMARK [3][-]{subsubsection.11.3.3}{\376\377\000D\000y\000s\000o\000n\176\247\145\160}{subsection.11.3}% 144
\BOOKMARK [2][-]{subsection.11.4}{\376\377\137\256\142\160\166\204\116\214\153\041\221\317\133\120\123\026\210\150\217\360}{section.11}% 145
\BOOKMARK [3][-]{subsubsection.11.4.1}{\376\377\131\032\174\222\133\120\174\373\176\337\166\204\137\256\142\160}{subsection.11.4}% 146
\BOOKMARK [3][-]{subsubsection.11.4.2}{\376\377\166\370\116\222\117\134\165\050\127\072\166\204\116\214\153\041\221\317\133\120\123\026}{subsection.11.4}% 147
\BOOKMARK [3][-]{subsubsection.11.4.3}{\376\377\166\370\116\222\117\134\165\050\127\072\166\204\123\117\123\330\137\256\142\160}{subsection.11.4}% 148
\BOOKMARK [2][-]{subsection.11.5}{\376\377\166\370\116\222\117\134\165\050\127\072\121\163\200\124\121\375\145\160\166\204\137\256\142\160\117\356\153\143}{section.11}% 149
\BOOKMARK [3][-]{subsubsection.11.5.1}{\376\377\154\342\121\375\145\160\127\072\166\204\166\370\116\222\117\134\165\050\117\040\144\255\133\120}{subsection.11.5}% 150
\BOOKMARK [3][-]{subsubsection.11.5.2}{\376\377\166\370\133\371\213\272\140\047\166\370\116\222\117\134\165\050\127\072\166\204\117\040\144\255\133\120}{subsection.11.5}% 151
\BOOKMARK [3][-]{subsubsection.11.5.3}{\376\377\215\357\137\204\171\357\122\006\166\204\166\370\116\222\117\134\165\050\117\356\153\143}{subsection.11.5}% 152
\BOOKMARK [3][-]{subsubsection.11.5.4}{\376\377\154\333\121\375\210\114\122\027\137\017\166\204\213\241\173\227}{subsection.11.5}% 153
\BOOKMARK [2][-]{subsection.11.6}{\376\377\226\366\156\051\127\072\166\204\000F\000e\000y\000n\000m\000a\000n\126\376\124\214\000F\000e\000y\000n\000m\000a\000n\211\304\122\031}{section.11}% 154
\BOOKMARK [3][-]{subsubsection.11.6.1}{\376\377\000B\000o\000r\000n\176\247\145\160\166\204\126\376\210\150\171\072}{subsection.11.6}% 155
\BOOKMARK [3][-]{subsubsection.11.6.2}{\376\377\133\236\150\007\221\317\127\072\166\204\172\172\225\364\000F\000e\000y\000n\000m\000a\000n\211\304\122\031}{subsection.11.6}% 156
\BOOKMARK [3][-]{subsubsection.11.6.3}{\376\377\133\236\150\007\221\317\127\072\166\204\122\250\221\317\000F\000e\000y\000n\000m\000a\000n\211\304\122\031}{subsection.11.6}% 157
\BOOKMARK [3][-]{subsubsection.11.6.4}{\376\377\227\136\217\336\220\032\126\376\166\204\143\007\145\160\123\026}{subsection.11.6}% 158
\BOOKMARK [3][-]{subsubsection.11.6.5}{\376\377\000D\000y\000s\000o\000n\145\271\172\013\124\214\123\125\174\222\133\120\116\015\123\357\176\246}{subsection.11.6}% 159
\BOOKMARK [3][-]{subsubsection.11.6.6}{\376\377\121\150\217\336\220\032\126\333\160\271\121\375\145\160\116\016\230\166\160\271\117\356\153\143}{subsection.11.6}% 160
\BOOKMARK [2][-]{subsection.11.7}{\376\377\147\011\226\120\156\051\136\246\133\236\150\007\221\317\127\072\166\204\137\256\142\160}{section.11}% 161
\BOOKMARK [3][-]{subsubsection.11.7.1}{\376\377\136\163\210\141\160\355\127\072\166\204\137\256\142\160}{subsection.11.7}% 162
\BOOKMARK [3][-]{subsubsection.11.7.2}{\376\377\225\355\124\010\145\366\225\364\126\336\215\357\166\204\137\256\142\160}{subsection.11.7}% 163
\BOOKMARK [3][-]{subsubsection.11.7.3}{\376\377\000C\000T\000P\137\142\137\017\166\204\000D\000y\000s\000o\000n\145\271\172\013}{subsection.11.7}% 164
\BOOKMARK [3][-]{subsubsection.11.7.4}{\376\377\000C\000T\000P\164\006\213\272\116\055\166\204\000B\000o\000l\000t\000z\000m\000a\000n\000n\122\250\164\006\145\271\172\013}{subsection.11.7}% 165
\BOOKMARK [2][-]{subsection.11.8}{\376\377\133\236\150\007\221\317\127\072\166\204\221\315\145\164\123\026\137\025\121\145}{section.11}% 166
\BOOKMARK [3][-]{subsubsection.11.8.1}{\376\377\000K\000\344\000l\000l\000\351\000n\000-\000L\000e\000h\000m\000a\000n\000n\214\061\122\006\136\003}{subsection.11.8}% 167
\BOOKMARK [3][-]{subsubsection.11.8.2}{\376\377\226\366\156\051\127\072\215\050\221\317\166\204\221\315\145\164\123\026}{subsection.11.8}% 168
\BOOKMARK [3][-]{subsubsection.11.8.3}{\376\377\166\370\116\222\117\134\165\050\117\040\144\255\133\120\166\204\211\343\147\220\140\047\215\050}{subsection.11.8}% 169
\BOOKMARK [3][-]{subsubsection.11.8.4}{\376\377\160\355\127\072\166\204\201\352\200\375\221\315\145\164\123\026}{subsection.11.8}% 170
\BOOKMARK [1][-]{section.12}{\376\377\176\317\121\170\165\065\170\301\217\220\134\004\164\006\213\272\151\202\211\310}{}% 171
\BOOKMARK [2][-]{subsection.12.1}{\376\377\143\250\217\337\122\277\123\312\121\166\116\214\226\066\117\356\153\143}{section.12}% 172
\BOOKMARK [3][-]{subsubsection.12.1.1}{\376\377\143\250\217\337\122\277\124\214\217\220\134\004\127\072}{subsection.12.1}% 173
\BOOKMARK [3][-]{subsubsection.12.1.2}{\376\377\117\116\220\037\165\065\203\167\116\221\174\373\176\337\166\204\116\214\176\247\117\356\153\143}{subsection.12.1}% 174
\BOOKMARK [2][-]{subsection.12.2}{\376\377\217\334\127\072\165\065\170\301\217\220\134\004}{section.12}% 175
\BOOKMARK [3][-]{subsubsection.12.2.1}{\376\377\217\220\134\004\166\204\217\334\127\072\217\321\117\074}{subsection.12.2}% 176
\BOOKMARK [3][-]{subsubsection.12.2.2}{\376\377\217\334\127\072\117\116\220\037\147\201\226\120\124\214\120\166\147\201\217\220\134\004}{subsection.12.2}% 177
\BOOKMARK [3][-]{subsubsection.12.2.3}{\376\377\227\347\201\364\217\220\134\004}{subsection.12.2}% 178
\BOOKMARK [3][-]{subsubsection.12.2.4}{\376\377\126\333\176\364\217\334\127\072\120\166\147\201\217\220\134\004}{subsection.12.2}% 179
\BOOKMARK [3][-]{subsubsection.12.2.5}{\376\377\124\014\153\145\217\220\134\004}{subsection.12.2}% 180
\BOOKMARK [3][-]{subsubsection.12.2.6}{\376\377\217\334\127\072\131\032\147\201\167\351\217\220\134\004}{subsection.12.2}% 181
\BOOKMARK [2][-]{subsection.12.3}{\376\377\217\321\127\072\120\166\147\201\217\220\134\004}{section.12}% 182
\BOOKMARK [2][-]{subsection.12.4}{\376\377\165\065\170\301\217\220\134\004\226\073\134\074\173\200\116\313}{section.12}% 183
\BOOKMARK [3][-]{subsubsection.12.4.1}{\376\377\217\220\134\004\174\373\176\337\166\204\116\011\176\247\117\356\153\143\124\214\217\220\134\004\226\073\134\074}{subsection.12.4}% 184
\BOOKMARK [3][-]{subsubsection.12.4.2}{\376\377\126\333\176\364\217\220\134\004\226\073\134\074\122\233}{subsection.12.4}% 185
\BOOKMARK [2][-]{subsection.12.5}{\376\377\165\065\170\301\154\342\166\204\145\143\134\004}{section.12}% 186
\BOOKMARK [3][-]{subsubsection.12.5.1}{\376\377\123\125\116\052\165\065\203\167\166\204\145\143\134\004}{subsection.12.5}% 187
\BOOKMARK [3][-]{subsubsection.12.5.2}{\376\377\165\065\203\167\116\221\166\204\145\143\134\004}{subsection.12.5}% 188
\BOOKMARK [1][-]{section.13}{\376\377\221\317\133\120\127\072\213\272\137\025\121\145}{}% 189
\BOOKMARK [2][-]{subsection.13.1}{\376\377\232\330\220\037\165\065\133\120\127\050\165\065\170\301\127\072\116\055\166\204\221\317\133\120\123\026}{section.13}% 190
\BOOKMARK [3][-]{subsubsection.13.1.1}{\376\377\131\026\127\072\116\013\166\204\000D\000i\000r\000a\000c\145\271\172\013}{subsection.13.1}% 191
\BOOKMARK [3][-]{subsubsection.13.1.2}{\376\377\131\026\127\072\116\055\117\116\220\037\147\201\226\120\116\013\166\204\165\065\133\120}{subsection.13.1}% 192
\BOOKMARK [3][-]{subsubsection.13.1.3}{\376\377\136\163\227\142\165\065\170\301\154\342\116\055\166\204\217\320\122\250}{subsection.13.1}% 193
\BOOKMARK [3][-]{subsubsection.13.1.4}{\376\377\131\026\127\072\116\013\166\204\201\352\145\313}{subsection.13.1}% 194
\BOOKMARK [2][-]{subsection.13.2}{\376\377\221\317\133\120\145\143\134\004\213\272\127\372\170\100}{section.13}% 195
\BOOKMARK [3][-]{subsubsection.13.2.1}{\376\377\227\136\166\370\133\371\213\272\140\047\137\071\140\047\145\143\134\004}{subsection.13.2}% 196
\BOOKMARK [3][-]{subsubsection.13.2.2}{\376\377\116\015\124\014\200\375\176\247\166\204\137\071\140\047\145\143\134\004}{subsection.13.2}% 197
\BOOKMARK [3][-]{subsubsection.13.2.3}{\376\377\227\136\166\370\133\371\213\272\140\047\227\136\137\071\140\047\170\260\144\236\173\200\116\313}{subsection.13.2}% 198
\BOOKMARK [3][-]{subsubsection.13.2.4}{\376\377\123\117\123\330\145\143\134\004\213\272}{subsection.13.2}% 199
\BOOKMARK [3][-]{subsubsection.13.2.5}{\376\377\133\236\150\007\221\317\127\072\166\204\145\143\134\004\124\214\000L\000S\000Z\176\246\123\026}{subsection.13.2}% 200
\BOOKMARK [2][-]{subsection.13.3}{\376\377\000D\000i\000r\000a\000c\127\072\116\113\225\364\166\204\200\046\124\010}{section.13}% 201
\BOOKMARK [3][-]{subsubsection.13.3.1}{\376\377\165\065\170\301\166\370\116\222\117\134\165\050\173\227\173\046}{subsection.13.3}% 202
\BOOKMARK [3][-]{subsubsection.13.3.2}{\376\377\165\065\133\120\133\371\166\204\145\143\134\004\167\351\226\065}{subsection.13.3}% 203
\BOOKMARK [3][-]{subsubsection.13.3.3}{\376\377\227\136\147\201\123\026\143\057\136\105\166\204\147\011\145\110\142\052\227\142}{subsection.13.3}% 204
\BOOKMARK [3][-]{subsubsection.13.3.4}{\376\377\000B\000r\000e\000i\000t\145\271\172\013}{subsection.13.3}% 205
\BOOKMARK [3][-]{subsubsection.13.3.5}{\376\377\000D\000i\000r\000a\000c\127\072\166\204\230\166\160\271\121\375\145\160\124\214\147\137\177\032\140\001\145\143\134\004}{subsection.13.3}% 206
\BOOKMARK [3][-]{subsubsection.13.3.6}{\376\377\227\136\121\150\124\014\174\222\133\120\166\204\145\143\134\004}{subsection.13.3}% 207
\BOOKMARK [2][-]{subsection.13.4}{\376\377\131\026\127\072\116\055\166\204\145\143\134\004\164\006\213\272}{section.13}% 208
\BOOKMARK [3][-]{subsubsection.13.4.1}{\376\377\133\236\150\007\221\317\127\072\124\214\165\065\170\301\127\072\166\204\200\046\124\010}{subsection.13.4}% 209
\BOOKMARK [3][-]{subsubsection.13.4.2}{\376\377\000D\000i\000r\000a\000c\127\072\124\214\131\026\127\072\166\204\200\046\124\010}{subsection.13.4}% 210
\BOOKMARK [3][-]{subsubsection.13.4.3}{\376\377\160\355\127\072\116\055\166\204\145\143\134\004}{subsection.13.4}% 211
\BOOKMARK [3][-]{subsubsection.13.4.4}{\376\377\160\355\127\072\122\250\122\233\133\146\137\025\121\145}{subsection.13.4}% 212
\BOOKMARK [2][-]{subsection.13.5}{\376\377\165\065\170\301\145\143\134\004\166\204\221\317\133\120\123\026}{section.13}% 213
\BOOKMARK [3][-]{subsubsection.13.5.1}{\376\377\174\173\154\042\123\237\133\120\124\214\121\111\166\204\176\317\121\170\166\370\116\222\117\134\165\050}{subsection.13.5}% 214
\BOOKMARK [3][-]{subsubsection.13.5.2}{\376\377\000C\000o\000m\000p\000t\000o\000n\145\143\134\004}{subsection.13.5}% 215
\BOOKMARK [2][-]{subsection.13.6}{\376\377\165\065\170\301\217\220\134\004\117\356\153\143}{section.13}% 216
\BOOKMARK [3][-]{subsubsection.13.6.1}{\376\377\167\037\172\172\147\201\123\026\166\204\215\071\174\163\127\010\126\376\213\241\173\227}{subsection.13.6}% 217
\BOOKMARK [3][-]{subsubsection.13.6.2}{\376\377\165\065\133\120\166\204\201\352\200\375}{subsection.13.6}% 218
\BOOKMARK [3][-]{subsubsection.13.6.3}{\376\377\230\166\211\322\117\356\153\143}{subsection.13.6}% 219
\BOOKMARK [2][-]{subsection.13.7}{\376\377\127\372\147\054\174\222\133\120\152\041\127\213\137\025\121\145}{section.13}% 220
\BOOKMARK [2][-]{subsection.13.8}{\376\377\221\317\133\120\127\072\213\272\116\055\166\204\121\335\200\132\140\001}{section.13}% 221
\BOOKMARK [1][-]{section.14}{\376\377\217\321\136\163\210\141\140\001\166\204\176\277\140\047\124\315\136\224\116\016\200\027\145\143}{}% 222
\BOOKMARK [2][-]{subsection.14.1}{\376\377\227\136\166\370\133\371\213\272\140\047\145\366\225\364\176\277\140\047\124\315\136\224}{section.14}% 223
\BOOKMARK [3][-]{subsubsection.14.1.1}{\376\377\160\355\122\233\133\146\174\373\176\337\166\204\124\315\136\224}{subsection.14.1}% 224
\BOOKMARK [3][-]{subsubsection.14.1.2}{\376\377\124\315\136\224\121\375\145\160\166\204\211\343\147\220\140\047\215\050}{subsection.14.1}% 225
\BOOKMARK [3][-]{subsubsection.14.1.3}{\376\377\124\315\136\224\166\204\221\317\133\120\210\150\217\360}{subsection.14.1}% 226
\BOOKMARK [3][-]{subsubsection.14.1.4}{\376\377\000K\000u\000b\000o\121\154\137\017}{subsection.14.1}% 227
\BOOKMARK [2][-]{subsection.14.2}{\376\377\200\027\145\143\166\204\176\337\213\241\140\047\215\050}{section.14}% 228
\BOOKMARK [2][-]{subsection.14.3}{\376\377\226\366\156\051\127\072\166\204\124\315\136\224}{section.14}% 229
\BOOKMARK [2][-]{subsection.14.4}{\376\377\160\355\127\072\166\204\124\315\136\224\116\016\200\027\145\143}{section.14}% 230
\BOOKMARK [2][-]{subsection.14.5}{\376\377\176\277\140\047\124\315\136\224\116\013\166\204\217\223\217\320\174\373\145\160}{section.14}% 231
\BOOKMARK [2][-]{subsection.14.6}{\376\377\116\064\165\114\160\271\226\104\217\321\166\204\124\315\136\224\123\321\145\143}{section.14}% 232
\BOOKMARK [1][-]{section.15}{\376\377\221\315\145\164\123\026\124\214\116\064\165\114\164\006\213\272}{}% 233
\BOOKMARK [2][-]{subsection.15.1}{\376\377\000C\000a\000s\000i\000m\000i\000r\145\110\136\224\124\214\142\052\145\255\230\221\163\207}{section.15}% 234
\BOOKMARK [2][-]{subsection.15.2}{\376\377\000I\000s\000i\000n\000g\152\041\127\213\124\214\172\172\225\364\221\315\145\164\123\026}{section.15}% 235
\BOOKMARK [2][-]{subsection.15.3}{\376\377\000W\000i\000l\000s\000o\000n\221\315\145\164\123\026\177\244\164\006\213\272}{section.15}% 236
\BOOKMARK [2][-]{subsection.15.4}{\376\377\127\010\126\376\117\356\153\143\116\016\122\250\221\317\221\315\145\164\123\026}{section.15}% 237
\BOOKMARK [3][-]{subsubsection.15.4.1}{\376\377\000F\000e\000y\000n\000m\000a\000n\123\302\145\160\123\026\121\154\137\017\166\204\213\301\146\016}{subsection.15.4}% 238
\BOOKMARK [2][-]{subsection.15.5}{\376\377\000H\000i\000g\000g\000s\147\072\122\066\124\214\201\352\123\321\133\371\171\360\140\047\170\064\177\072}{section.15}% 239
\BOOKMARK [2][-]{subsection.15.6}{\376\377\133\236\150\007\221\317\127\072\166\204\116\064\165\114\143\007\145\160}{section.15}% 240
\BOOKMARK [2][-]{subsection.15.7}{\376\377\147\011\145\110\127\072\213\272\166\204\116\000\202\054\150\106\147\266}{section.15}% 241
\BOOKMARK [2][-]{subsection.15.8}{\376\377\121\161\137\142\127\072\213\272\137\025\121\145}{section.15}% 242
\BOOKMARK [1][-]{section.16}{\376\377\227\136\153\047\121\340\117\125\116\016\137\025\122\233\127\072}{}% 243
\BOOKMARK [2][-]{subsection.16.1}{\376\377\000R\000i\000e\000m\000a\000n\000n\121\340\117\125\151\202\211\310}{section.16}% 244
\BOOKMARK [2][-]{subsection.16.2}{\376\377\217\233\121\340\117\125\116\016\176\246\147\137\122\006\147\220}{section.16}% 245
\BOOKMARK [2][-]{subsection.16.3}{\376\377\000E\000i\000n\000s\000t\000e\000i\000n\137\025\122\233\127\072\213\272}{section.16}% 246
\BOOKMARK [3][-]{subsubsection.16.3.1}{\376\377\200\314\146\157\137\025\122\233\127\072\116\055\166\204\116\313\215\050\124\214\160\355\122\233\133\146}{subsection.16.3}% 247
\BOOKMARK [2][-]{subsection.16.4}{\376\377\176\317\121\170\236\321\155\036\164\006\213\272}{section.16}% 248
\BOOKMARK [2][-]{subsection.16.5}{\376\377\166\370\133\371\213\272\133\207\133\231\133\146}{section.16}% 249
\BOOKMARK [3][-]{subsubsection.16.5.1}{\376\377\123\237\122\035\133\207\133\231\166\204\142\160\122\250}{subsection.16.5}% 250
\BOOKMARK [1][-]{section.17}{\376\377\137\057\146\362\145\366\172\172\116\055\166\204\221\317\133\120\127\072}{}% 251
\BOOKMARK [2][-]{subsection.17.1}{\376\377\137\025\122\233\154\342\127\072\166\204\116\214\153\041\221\317\133\120\123\026}{section.17}% 252
\BOOKMARK [2][-]{subsection.17.2}{\376\377\166\370\133\371\213\272\140\047\160\355\127\072\122\250\122\233\133\146}{section.17}% 253
\BOOKMARK [2][-]{subsection.17.3}{\376\377\000R\000i\000n\000d\000l\000e\000r\145\366\172\172\116\016\000U\000n\000r\000u\000h\145\110\136\224}{section.17}% 254
\BOOKMARK [2][-]{subsection.17.4}{\376\377\200\314\146\157\145\366\172\172\166\204\116\214\153\041\221\317\133\120\123\026}{section.17}% 255
\BOOKMARK [2][-]{subsection.17.5}{\376\377\147\011\145\110\137\025\122\233\127\072\213\272}{section.17}% 256
\BOOKMARK [2][-]{subsection.17.6}{\376\377\146\264\155\250\133\207\133\231\166\204\147\011\145\110\127\072\213\272}{section.17}% 257
\BOOKMARK [2][-]{subsection.17.7}{\376\377\236\321\155\036\217\220\134\004\116\016\211\306\165\114\122\250\122\233\133\146}{section.17}% 258
\BOOKMARK [1][-]{section*.9}{\376\377\000\040\226\104\137\125}{}% 259
\BOOKMARK [1][-]{appendix.1.A}{\376\377\000\040\000F\000i\000e\000r\000z\000-\000P\000a\000u\000l\000i\213\272\145\207\166\204\177\373\213\321}{}% 260
\BOOKMARK [2][-]{subsection.1.A.1}{\376\377\137\025\212\000}{appendix.1.A}% 261
\BOOKMARK [2][-]{subsection.1.A.2}{\376\377\201\352\145\313\000\040\000s\000=\0002\000\040\166\204\174\222\133\120}{appendix.1.A}% 262
\BOOKMARK [3][-]{subsubsection.1.A.2.1}{\376\377\150\071\143\156\123\330\122\006\123\237\164\006\143\250\133\374\166\204\201\352\165\061\127\072\145\271\172\013}{subsection.1.A.2}% 263
\BOOKMARK [3][-]{subsubsection.1.A.2.2}{\376\377\166\370\116\222\117\134\165\050\166\204\137\025\121\145}{subsection.1.A.2}% 264
\BOOKMARK [2][-]{subsection.1.A.3}{\376\377\201\352\145\313\000\040\000s\000=\0003\000/\0002\000\040\166\204\174\222\133\120}{appendix.1.A}% 265
\BOOKMARK [3][-]{subsubsection.1.A.3.1}{\376\377\201\352\165\061\127\072\164\006\213\272}{subsection.1.A.3}% 266
\BOOKMARK [3][-]{subsubsection.1.A.3.2}{\376\377\131\026\122\233\166\204\137\025\121\145}{subsection.1.A.3}% 267
\BOOKMARK [2][-]{subsection.1.A.4}{\376\377\145\340\227\131\215\050\221\317\166\204\174\222\133\120}{appendix.1.A}% 268
\BOOKMARK [3][-]{subsubsection.1.A.4.1}{\376\377\201\352\145\313\000\040\000s\000=\0002}{subsection.1.A.4}% 269
\BOOKMARK [3][-]{subsubsection.1.A.4.2}{\376\377\201\352\145\313\000\040\000s\000=\0003\000/\0002}{subsection.1.A.4}% 270
\BOOKMARK [3][-]{subsubsection.1.A.4.3}{\376\377\116\373\141\017\201\352\145\313\166\204\116\000\202\054\140\305\121\265}{subsection.1.A.4}% 271
\BOOKMARK [2][-]{subsection.1.A.5}{\376\377\226\104\137\125}{appendix.1.A}% 272
\BOOKMARK [3][-]{subsubsection.1.A.5.1}{\376\377\142\311\150\074\147\027\145\345\221\317\137\142\137\017\133\374\201\364\166\204\131\107\137\002\211\343}{subsection.1.A.5}% 273
\BOOKMARK [3][-]{subsubsection.1.A.5.2}{\376\377\145\313\221\317\116\343\145\160\211\304\122\031}{subsection.1.A.5}% 274
\BOOKMARK [2][-]{subsection.1.A.6}{\376\377\140\073\176\323}{appendix.1.A}% 275
\BOOKMARK [1][-]{appendix.1.B}{\376\377\000\040\000F\000e\000y\000n\000m\000a\000n\126\376\166\204\142\323\142\121\176\323\147\204}{}% 276
\BOOKMARK [2][-]{subsection.1.B.1}{\376\377\127\372\170\100\124\014\214\003\140\047\124\214\123\321\145\143\143\242\155\113}{appendix.1.B}% 277
\BOOKMARK [2][-]{subsection.1.B.2}{\376\377\124\014\117\046\124\214\126\376\166\204\173\111\116\367\140\047}{appendix.1.B}% 278
\BOOKMARK [2][-]{subsection.1.B.3}{\376\377\116\012\124\014\214\003\124\214\123\321\145\143\164\006\213\272}{appendix.1.B}% 279
\BOOKMARK [2][-]{subsection.1.B.4}{\376\377\123\357\221\315\145\164\123\026\164\006\213\272\166\204\142\323\142\121\122\044\143\156}{appendix.1.B}% 280
\BOOKMARK [2][-]{subsection.1.B.5}{\376\377\0001\000P\000I\176\323\147\204\166\204\121\340\117\125\147\054\215\050}{appendix.1.B}% 281
\BOOKMARK [2][-]{subsection.1.B.6}{\376\377\221\315\145\164\123\026\177\244\166\204\155\214\163\260}{appendix.1.B}% 282
\BOOKMARK [1][-]{appendix.1.C}{\376\377\000\040\176\244\176\364\116\033\124\214\171\072\140\047\174\173}{}% 283
\BOOKMARK [2][-]{subsection.1.C.1}{\376\377\211\206\123\340\172\172\225\364}{appendix.1.C}% 284
\BOOKMARK [3][-]{subsubsection.1.C.1.1}{\376\377\133\232\116\111\124\214\121\166\127\372\147\054\177\244}{subsection.1.C.1}% 285
\BOOKMARK [3][-]{subsubsection.1.C.1.2}{\376\377\232\330\176\364\124\014\117\046\177\244\124\214\121\166\225\177\153\143\124\010\136\217\122\027}{subsection.1.C.1}% 286
\BOOKMARK [2][-]{subsection.1.C.2}{\376\377\150\007\147\266\116\033\124\214\116\073\116\033}{appendix.1.C}% 287
\BOOKMARK [2][-]{subsection.1.C.3}{\376\377\116\073\116\033\166\204\117\064\116\033}{appendix.1.C}% 288
\BOOKMARK [2][-]{subsection.1.C.4}{\376\377\200\124\176\334\124\214\146\362\163\207}{appendix.1.C}% 289
\BOOKMARK [2][-]{subsection.1.C.5}{\376\377\122\006\174\173\172\172\225\364}{appendix.1.C}% 290
\BOOKMARK [2][-]{subsection.1.C.6}{\376\377\171\072\140\047\174\173\164\006\213\272\137\025\121\145}{appendix.1.C}% 291
\BOOKMARK [1][-]{appendix.1.D}{\376\377\000\040\167\351\226\065\137\256\142\160\166\204\121\340\117\125\176\323\147\204}{}% 292
\BOOKMARK [2][-]{subsection.1.D.1}{\376\377\133\232\140\001\147\054\137\201\145\271\172\013\166\204\137\256\142\160}{appendix.1.D}% 293
\BOOKMARK [3][-]{subsubsection.1.D.1.1}{\376\377\133\232\140\001\147\054\137\201\145\271\172\013\166\204\116\033\176\323\147\204}{subsection.1.D.1}% 294
\BOOKMARK [3][-]{subsubsection.1.D.1.2}{\376\377\133\232\140\001\137\256\142\160\124\214\214\061\122\007\116\033\166\204\122\006\210\302}{subsection.1.D.1}% 295
\BOOKMARK [3][-]{subsubsection.1.D.1.3}{\376\377\122\006\210\302\116\033\166\204\133\120\155\101\137\142\164\006\213\272}{subsection.1.D.1}% 296
\BOOKMARK [2][-]{subsection.1.D.2}{\376\377\124\053\145\366\137\256\142\160\124\214\155\170\156\020\134\125\137\000}{appendix.1.D}% 297
\BOOKMARK [3][-]{subsubsection.1.D.2.1}{\376\377\127\372\147\054\133\232\116\111}{subsection.1.D.2}% 298
\BOOKMARK [2][-]{subsection.1.D.3}{\376\377\142\323\142\121\121\340\117\125\166\370}{appendix.1.D}% 299
\BOOKMARK [2][-]{subsection.1.D.4}{\376\377\217\336\176\355\214\061\210\145\121\105\213\364\146\016}{appendix.1.D}% 300
\BOOKMARK [1][-]{appendix.1.E}{\376\377\000\040\227\136\136\163\210\141\140\001\176\337\213\241}{}% 301
\BOOKMARK [1][-]{appendix.1.F}{\376\377\000\040\226\217\147\072\137\256\122\006\121\340\117\125\151\202\213\272}{}% 302
\BOOKMARK [1][-]{appendix.1.G}{\376\377\000\040\166\370\123\330\166\204\122\250\140\001\164\006\213\272}{}% 303
\BOOKMARK [1][-]{appendix.1.H}{\376\377\000\040\217\336\176\355\116\313\215\050\122\233\133\146\210\145\121\105}{}% 304
\BOOKMARK [1][-]{appendix.1.I}{\376\377\000\040\156\115\155\101\166\204\176\337\213\241\127\072\213\272}{}% 305
\BOOKMARK [1][-]{appendix.1.J}{\376\377\000\040\142\323\142\121\221\317\133\120\127\072\213\272\137\025\121\145}{}% 306
\BOOKMARK [1][-]{appendix.1.K}{\376\377\000\040\236\321\155\036\160\355\122\233\133\146}{}% 307
\BOOKMARK [1][-]{appendix.1.L}{\376\377\000\040\121\161\137\142\127\072\213\272\124\214\121\150\140\157\123\237\164\006}{}% 308
\BOOKMARK [1][-]{section*.12}{\376\377\123\302\200\003\145\207\163\056}{}% 309
